node.exe :  WARNING  --no-cache is deprecated and will be removed in a future major version. Use --cache=local
:r,remote:r
At line:1 char:1
+ & "C:\Program Files\nodejs/node.exe" "C:\Program Files\nodejs/node_mo ...
+ ~~~~~~~~~~~~~~~~~~~~~~~~~~~~~~~~~~~~~~~~~~~~~~~~~~~~~~~~~~~~~~~~~~~~~
    + CategoryInfo          : NotSpecified: ( WARNING  --no-...ocal:r,remote:r:String) [], RemoteException
    + FullyQualifiedErrorId : NativeCommandError
 
ÔÇó turbo 2.8.20

   ÔÇó Packages in scope: @pascal-app/viewer, @pascal/typescript-config
   ÔÇó Running build in 2 packages
   ÔÇó Remote caching disabled

@pascal-app/viewer:build: cache miss, executing e10270c101a39b8c
@pascal-app/viewer:build: $ tsc --build
@pascal-app/viewer:build: src/components/renderers/roof-segment/roof-segment-renderer.tsx(18,22): error TS2339: Property 'material' does not exist on type '{ object: "node"; parentId: string | null; visible: boolean; metadata: JSONType; id: `rseg_${string}`; type: "roof-segment"; position: [number, number, number]; rotation: number; roofType: "hip" | ... 5 more ... | "flat"; ... 9 more ...; camera?: { ...; } | undefined; }'.
@pascal-app/viewer:build: src/components/renderers/roof-segment/roof-segment-renderer.tsx(21,12): error TS2339: Property 'material' does not exist on type '{ object: "node"; parentId: string | null; visible: boolean; metadata: JSONType; id: `rseg_${string}`; type: "roof-segment"; position: [number, number, number]; rotation: number; roofType: "hip" | ... 5 more ... | "flat"; ... 9 more ...; camera?: { ...; } | undefined; }'.
@pascal-app/viewer:build: src/components/renderers/roof-segment/roof-segment-renderer.tsx(21,27): error TS2339: Property 'material' does not exist on type '{ object: "node"; parentId: string | null; visible: boolean; metadata: JSONType; id: `rseg_${string}`; type: "roof-segment"; position: [number, number, number]; rotation: number; roofType: "hip" | ... 5 more ... | "flat"; ... 9 more ...; camera?: { ...; } | undefined; }'.
@pascal-app/viewer:build: src/components/renderers/roof-segment/roof-segment-renderer.tsx(21,50): error TS2339: Property 'material' does not exist on type '{ object: "node"; parentId: string | null; visible: boolean; metadata: JSONType; id: `rseg_${string}`; type: "roof-segment"; position: [number, number, number]; rotation: number; roofType: "hip" | ... 5 more ... | "flat"; ... 9 more ...; camera?: { ...; } | undefined; }'.
@pascal-app/viewer:build: src/components/renderers/roof-segment/roof-segment-renderer.tsx(21,77): error TS2339: Property 'material' does not exist on type '{ object: "node"; parentId: string | null; visible: boolean; metadata: JSONType; id: `rseg_${string}`; type: "roof-segment"; position: [number, number, number]; rotation: number; roofType: "hip" | ... 5 more ... | "flat"; ... 9 more ...; camera?: { ...; } | undefined; }'.
@pascal-app/viewer:build: src/components/renderers/roof/roof-renderer.tsx(19,22): error TS2339: Property 'material' does not exist on type '{ object: "node"; parentId: string | null; visible: boolean; metadata: JSONType; id: `roof_${string}`; type: "roof"; position: [number, number, number]; rotation: number; children: `rseg_${string}`[]; name?: string | undefined; camera?: { ...; } | undefined; }'.
@pascal-app/viewer:build: src/components/renderers/roof/roof-renderer.tsx(22,12): error TS2339: Property 'material' does not exist on type '{ object: "node"; parentId: string | null; visible: boolean; metadata: JSONType; id: `roof_${string}`; type: "roof"; position: [number, number, number]; rotation: number; children: `rseg_${string}`[]; name?: string | undefined; camera?: { ...; } | undefined; }'.
@pascal-app/viewer:build: src/components/renderers/roof/roof-renderer.tsx(22,27): error TS2339: Property 'material' does not exist on type '{ object: "node"; parentId: string | null; visible: boolean; metadata: JSONType; id: `roof_${string}`; type: "roof"; position: [number, number, number]; rotation: number; children: `rseg_${string}`[]; name?: string | undefined; camera?: { ...; } | undefined; }'.
@pascal-app/viewer:build: src/components/renderers/roof/roof-renderer.tsx(22,50): error TS2339: Property 'material' does not exist on type '{ object: "node"; parentId: string | null; visible: boolean; metadata: JSONType; id: `roof_${string}`; type: "roof"; position: [number, number, number]; rotation: number; children: `rseg_${string}`[]; name?: string | undefined; camera?: { ...; } | undefined; }'.
@pascal-app/viewer:build: src/components/renderers/roof/roof-renderer.tsx(22,77): error TS2339: Property 'material' does not exist on type '{ object: "node"; parentId: string | null; visible: boolean; metadata: JSONType; id: `roof_${string}`; type: "roof"; position: [number, number, number]; rotation: number; children: `rseg_${string}`[]; name?: string | undefined; camera?: { ...; } | undefined; }'.
@pascal-app/viewer:build: src/components/renderers/slab/slab-renderer.tsx(15,22): error TS2339: Property 'material' does not exist on type '{ object: "node"; parentId: string | null; visible: boolean; metadata: JSONType; id: `slab_${string}`; type: "slab"; polygon: [number, number][]; holes: [number, number][][]; elevation: number; name?: string | undefined; camera?: { ...; } | undefined; }'.
@pascal-app/viewer:build: src/components/renderers/slab/slab-renderer.tsx(18,12): error TS2339: Property 'material' does not exist on type '{ object: "node"; parentId: string | null; visible: boolean; metadata: JSONType; id: `slab_${string}`; type: "slab"; polygon: [number, number][]; holes: [number, number][][]; elevation: number; name?: string | undefined; camera?: { ...; } | undefined; }'.
@pascal-app/viewer:build: src/components/renderers/slab/slab-renderer.tsx(18,27): error TS2339: Property 'material' does not exist on type '{ object: "node"; parentId: string | null; visible: boolean; metadata: JSONType; id: `slab_${string}`; type: "slab"; polygon: [number, number][]; holes: [number, number][][]; elevation: number; name?: string | undefined; camera?: { ...; } | undefined; }'.
@pascal-app/viewer:build: src/components/renderers/slab/slab-renderer.tsx(18,50): error TS2339: Property 'material' does not exist on type '{ object: "node"; parentId: string | null; visible: boolean; metadata: JSONType; id: `slab_${string}`; type: "slab"; polygon: [number, number][]; holes: [number, number][][]; elevation: number; name?: string | undefined; camera?: { ...; } | undefined; }'.
@pascal-app/viewer:build: src/components/renderers/slab/slab-renderer.tsx(18,77): error TS2339: Property 'material' does not exist on type '{ object: "node"; parentId: string | null; visible: boolean; metadata: JSONType; id: `slab_${string}`; type: "slab"; polygon: [number, number][]; holes: [number, number][][]; elevation: number; name?: string | undefined; camera?: { ...; } | undefined; }'.
@pascal-app/viewer:build: src/components/renderers/window/window-renderer.tsx(15,22): error TS2339: Property 'material' does not exist on type '{ object: "node"; parentId: string | null; visible: boolean; metadata: JSONType; id: `window_${string}`; type: "window"; position: [number, number, number]; rotation: [number, number, number]; ... 14 more ...; wallId?: string | undefined; }'.
@pascal-app/viewer:build: src/components/renderers/window/window-renderer.tsx(18,12): error TS2339: Property 'material' does not exist on type '{ object: "node"; parentId: string | null; visible: boolean; metadata: JSONType; id: `window_${string}`; type: "window"; position: [number, number, number]; rotation: [number, number, number]; ... 14 more ...; wallId?: string | undefined; }'.
@pascal-app/viewer:build: src/components/renderers/window/window-renderer.tsx(18,27): error TS2339: Property 'material' does not exist on type '{ object: "node"; parentId: string | null; visible: boolean; metadata: JSONType; id: `window_${string}`; type: "window"; position: [number, number, number]; rotation: [number, number, number]; ... 14 more ...; wallId?: string | undefined; }'.
@pascal-app/viewer:build: src/components/renderers/window/window-renderer.tsx(18,50): error TS2339: Property 'material' does not exist on type '{ object: "node"; parentId: string | null; visible: boolean; metadata: JSONType; id: `window_${string}`; type: "window"; position: [number, number, number]; rotation: [number, number, number]; ... 14 more ...; wallId?: string | undefined; }'.
@pascal-app/viewer:build: src/components/renderers/window/window-renderer.tsx(18,77): error TS2339: Property 'material' does not exist on type '{ object: "node"; parentId: string | null; visible: boolean; metadata: JSONType; id: `window_${string}`; type: "window"; position: [number, number, number]; rotation: [number, number, number]; ... 14 more ...; wallId?: string | undefined; }'.
@pascal-app/viewer:build: error: script "build" exited with code 1
 ERROR  @pascal-app/viewer#build: command (C:\Users\ovurr\.gemini\antigravity\scratch\pascalorg_editor\package
s\viewer) C:\Users\ovurr\AppData\Roaming\npm\bun.cmd run build exited (1)

 Tasks:    0 successful, 1 total
Cached:    0 cached, 1 total
  Time:    1s 
Failed:    @pascal-app/viewer#build

 ERROR  run failed: command  exited (1)
